HID init
HID set config: itf = 0
HID Set Idle 
HID Get Report Descriptor
HID addr=1 inst=0 vid=21d1 pid=0001 proto=0 desc_len=45
DESC 0000: 05 01 09 02 a1 01 09 01 a1 00 85 63 09 30 09 31 15 00 26 ff 7f 75 10 95 02 81 02 06 00 ff 09 01 
DESC 0020: 15 01 26 ff 00 75 08 95 01 81 02 c0 c0 
MOUNT 1533 addr=1 vid=21d1 pid=0001 speed=0
HID set config: itf = 0
HID Set Idle 
HID Set Protocol = 1
HID Get Report Descriptor
HID addr=2 inst=1 vid=3384 pid=0001 proto=1 desc_len=64
DESC 0000: 05 01 09 06 a1 01 05 07 19 e0 29 e7 15 00 25 01 95 08 75 01 81 02 95 01 75 08 81 01 05 07 19 00 
DESC 0020: 29 ff 15 00 26 ff 00 95 06 75 08 81 00 05 08 19 01 29 05 95 05 75 01 91 02 95 01 75 03 91 01 c0 
HID set config: itf = 1
HID Set Idle 
HID Get Report Descriptor
HID addr=2 inst=2 vid=3384 pid=0001 proto=0 desc_len=34
DESC 0000: 06 60 ff 09 61 a1 01 09 62 15 00 26 ff 00 95 20 75 08 81 02 09 63 15 00 26 ff 00 95 20 75 08 91 
DESC 0020: 02 c0 
HID set config: itf = 2
HID Set Idle 
HID Get Report Descriptor
HID addr=2 inst=3 vid=3384 pid=0001 proto=0 desc_len=109
DESC 0000: 05 01 09 80 a1 01 85 03 19 01 2a b7 00 15 01 26 b7 00 95 01 75 10 81 00 c0 05 0c 09 01 a1 01 85 
DESC 0020: 04 19 01 2a a0 02 15 01 26 a0 02 95 01 75 10 81 00 c0 05 01 09 06 a1 01 85 05 05 07 19 e0 29 e7 
DESC 0040: 15 00 25 01 95 08 75 01 81 02 05 07 19 00 29 ef 15 00 25 01 95 f0 75 01 81 02 05 08 19 01 29 05 
DESC 0060: 95 05 75 01 91 02 95 01 75 03 91 01 c0 
MOUNT 2093 addr=2 vid=3384 pid=0001 speed=0
HID set config: itf = 0
HID Set Idle 
HID Set Protocol = 1
HID Get Report Descriptor
HID addr=3 inst=4 vid=04a5 pid=8002 proto=2 desc_len=69
DESC 0000: 05 01 09 02 a1 01 09 01 a1 00 05 09 19 01 29 05 15 00 25 01 75 01 95 05 81 02 75 01 95 03 81 01 
DESC 0020: 05 01 09 30 09 31 16 01 80 26 ff 7f 75 10 95 02 81 06 c0 a1 00 05 01 09 38 15 81 25 7f 75 08 95 
DESC 0040: 01 81 06 c0 c0 
HID set config: itf = 1
HID Set Idle 
HID Get Report Descriptor
HID addr=3 inst=5 vid=04a5 pid=8002 proto=0 desc_len=63
DESC 0000: 05 01 09 06 a1 01 05 07 19 e0 29 e7 15 00 25 01 75 01 95 08 81 02 95 01 75 08 81 01 95 05 75 01 
DESC 0020: 05 08 19 01 29 05 91 02 95 01 75 03 91 01 95 06 75 08 15 00 25 65 05 07 19 00 29 65 81 00 c0 
HID set config: itf = 2
HID Set Idle 
HID Get Report Descriptor
HID addr=3 inst=6 vid=04a5 pid=8002 proto=0 desc_len=48
DESC 0000: 06 03 ff 09 00 a1 01 85 08 19 01 29 07 15 81 25 7f 75 08 95 0f 91 02 c0 06 04 ff 09 00 a1 01 85 
DESC 0020: 09 19 01 29 07 15 81 25 7f 75 08 95 0f 81 02 c0 
MOUNT 2646 addr=3 vid=04a5 pid=8002 speed=0
HID xfer callback
HID xfer callback
HID xfer callback
HID xfer callback
HID xfer callback
HID xfer callback
HID xfer callback
HID xfer callback
HID xfer callback
HID xfer callback
HID xfer callback
HID xfer callback
HID xfer callback
HID xfer callback
HID xfer callback
HID xfer callback
HID xfer callback
HID xfer callback
HID xfer callback
HID xfer callback
HID xfer callback
HID xfer callback
HID xfer callback
HID xfer callback
HID xfer callback
HID xfer callback
HID xfer callback
HID xfer callback
HID xfer callback
HID xfer callback
HID xfer callback
HID xfer callback
HID xfer callback
HID xfer callback
HID xfer callback
HID xfer callback
HID xfer callback
HID xfer callback
HID xfer callback
HID xfer callback
HID xfer callback
HID xfer callback
HID xfer callback
HID xfer callback
HID xfer callback
HID xfer callback
HID xfer callback
HID xfer callback
HID xfer callback
HID xfer callback
HID xfer callback
HID xfer callback
HID xfer callback
HID xfer callback
HID xfer callback
HID xfer callback
HID xfer callback
HID xfer callback
HID xfer callback
HID xfer callback
HID xfer callback
HID xfer callback
HID xfer callback
HID xfer callback
HID xfer callback
HID xfer callback
HID xfer callback
HID xfer callback
HID xfer callback
HID xfer callback
HID xfer callback
HID xfer callback
HID xfer callback
HID xfer callback
HID xfer callback
HID xfer callback
HID xfer callback
HID xfer callback
HID xfer callback
HID xfer callback
HID xfer callback
HID xfer callback
HID xfer callback
HID xfer callback
HID xfer callback
HID xfer callback
HID xfer callback
HID xfer callback
HID xfer callback
HID xfer callback
HID xfer callback
HID xfer callback
HID xfer callback
HID xfer callback
HID xfer callback
HID xfer callback
HID xfer callback
HID xfer callback
HID xfer callback
HID xfer callback
HID xfer callback
HID xfer callback
HID xfer callback
HID xfer callback
HID xfer callback
HID xfer callback
HID xfer callback
HID xfer callback
HID xfer callback
HID xfer callback
HID xfer callback
HID xfer callback
HID xfer callback
HID xfer callback
HID xfer callback
HID xfer callback
HID xfer callback
HID xfer callback
HID xfer callback
HID xfer callback
HID xfer callback
HID xfer callback
HID xfer callback
HID xfer callback
HID xfer callback
HID xfer callback
HID xfer callback
HID xfer callback
HID xfer callback
HID xfer callback
HID xfer callback
HID xfer callback
HID xfer callback
HID xfer callback
HID xfer callback
HID xfer callback
HID xfer callback
HID xfer callback
HID xfer callback
HID xfer callback
HID xfer callback
HID xfer callback
HID xfer callback
HID xfer callback
HID xfer callback
HID xfer callback
HID xfer callback
HID xfer callback
HID xfer callback
